// Jest Snapshot v1, https://goo.gl/fbAQLP

exports[`<AboutView /> should render component 1`] = `
<DocumentFragment>
  <div>
    <p>
      About
    </p>
  </div>
</DocumentFragment>
`;
