// Jest Snapshot v1, https://goo.gl/fbAQLP

exports[`<HomeView /> should render component 1`] = `
<DocumentFragment>
  <div>
    <div
      class="content"
    >
      <div>
        <img
          alt="loader"
          class="appLoader"
          data-testid="loader"
          src="loader.svg"
        />
      </div>
    </div>
  </div>
</DocumentFragment>
`;
