// Jest Snapshot v1, https://goo.gl/fbAQLP

exports[`<Title /> should render component 1`] = `
<DocumentFragment>
  <h1
    class="appTitle"
    data-testid="mainTitle"
  >
    Title
  </h1>
</DocumentFragment>
`;
