// Jest Snapshot v1, https://goo.gl/fbAQLP

exports[`<LinkButton /> should render component 1`] = `
<DocumentFragment>
  <a
    class="linkButton"
    href="/"
  >
    Link title
  </a>
</DocumentFragment>
`;
