// Jest Snapshot v1, https://goo.gl/fbAQLP

exports[`<Subtitle /> should render component 1`] = `
<DocumentFragment>
  <h2
    class="appSubtitle"
    data-testid="subtitle"
  >
    Subtitle
  </h2>
</DocumentFragment>
`;
